
Memory Configuration

Name             Origin             Length             Attributes
*default*        0x00000000         0xffffffff

Linker script and memory map


.vects          0x00000000        0x4
 *(.vects)
 .vects         0x00000000        0x4 C:\Users\dinhg\Documents\School\06\POT\SP\DINH_A19B0027P\DINH_A19B0027P\Debug\vects.o
                0x00000000                HardwareVectors

.text           0x00000400      0x26c
 *(.text)
 .text          0x00000400        0x0 C:\Users\dinhg\Documents\School\06\POT\SP\DINH_A19B0027P\DINH_A19B0027P\Debug\vects.o
 .text          0x00000400      0x26c C:\Users\dinhg\Documents\School\06\POT\SP\DINH_A19B0027P\DINH_A19B0027P\Debug\main.o
                0x00000400                start
 *(.text.*)
                0x0000066c                etext = .

.init
 *(.init)

.fini
 *(.fini)

.got
 *(.got)
 *(.got.plt)

.rodata         0x0000066c        0x0
 *(.rodata)
 *(.rodata.*)
                0x0000066c                _erodata = .

.eh_frame_hdr
 *(.eh_frame_hdr)

.eh_frame
 *(.eh_frame)

.jcr
 *(.jcr)

.tors           0x0000066c        0x0
                0x0000066c                __CTOR_LIST__ = .
                0x0000066c                ___ctors = .
 *(.ctors)
                0x0000066c                ___ctors_end = .
                0x0000066c                __CTOR_END__ = .
                0x0000066c                __DTOR_LIST__ = .
                0x0000066c                ___dtors = .
 *(.dtors)
                0x0000066c                ___dtors_end = .
                0x0000066c                __DTOR_END__ = .
                0x0000066c                _mdata = .

.data           0x00ff4000     0x1ba8
                0x00ff4000                _data = .
 *(.data)
 .data          0x00ff4000        0x0 C:\Users\dinhg\Documents\School\06\POT\SP\DINH_A19B0027P\DINH_A19B0027P\Debug\vects.o
 .data          0x00ff4000     0x1ba8 C:\Users\dinhg\Documents\School\06\POT\SP\DINH_A19B0027P\DINH_A19B0027P\Debug\main.o
 *(.data.*)
                0x00ff5ba8                _edata = .

.gcc_exc
 *(.gcc_exc)

.bss            0x00ff5ba8        0x0
                0x00ff5ba8                _bss = .
 *(.bss)
 .bss           0x00ff5ba8        0x0 C:\Users\dinhg\Documents\School\06\POT\SP\DINH_A19B0027P\DINH_A19B0027P\Debug\vects.o
 .bss           0x00ff5ba8        0x0 C:\Users\dinhg\Documents\School\06\POT\SP\DINH_A19B0027P\DINH_A19B0027P\Debug\main.o
 *(.bss.*)
 *(COMMON)
                0x00ff5ba8                _ebss = .
                0x00ff5ba8                _end = .

.stack          0x00ffc000        0x0
                0x00ffc000                _stack = .
LOAD C:\Users\dinhg\Documents\School\06\POT\SP\DINH_A19B0027P\DINH_A19B0027P\Debug\vects.o
LOAD C:\Users\dinhg\Documents\School\06\POT\SP\DINH_A19B0027P\DINH_A19B0027P\Debug\main.o
START GROUP
LOAD c:\program files (x86)\hew\tools\kpit cummins\gnuh8-elf\v11.02\h8300-elf\lib\gcc\h8300-elf\4.5-GNUH8_v11.02\h8300s\libgcc.a
LOAD C:\Users\dinhg\Documents\School\06\POT\SP\DINH_A19B0027P\DINH_A19B0027P\Debug\libDINH_A19B0027P.a
END GROUP
OUTPUT(C:\Users\dinhg\Documents\School\06\POT\SP\DINH_A19B0027P\DINH_A19B0027P\Debug\DINH_A19B0027P.x elf32-h8300)

.debug_abbrev   0x00000000       0x78
 .debug_abbrev  0x00000000       0x64 C:\Users\dinhg\Documents\School\06\POT\SP\DINH_A19B0027P\DINH_A19B0027P\Debug\vects.o
 .debug_abbrev  0x00000064       0x14 C:\Users\dinhg\Documents\School\06\POT\SP\DINH_A19B0027P\DINH_A19B0027P\Debug\main.o

.debug_info     0x00000000      0x132
 .debug_info    0x00000000       0x62 C:\Users\dinhg\Documents\School\06\POT\SP\DINH_A19B0027P\DINH_A19B0027P\Debug\vects.o
 .debug_info    0x00000062       0xd0 C:\Users\dinhg\Documents\School\06\POT\SP\DINH_A19B0027P\DINH_A19B0027P\Debug\main.o

.debug_line     0x00000000      0x1a2
 .debug_line    0x00000000       0x77 C:\Users\dinhg\Documents\School\06\POT\SP\DINH_A19B0027P\DINH_A19B0027P\Debug\vects.o
 .debug_line    0x00000077      0x12b C:\Users\dinhg\Documents\School\06\POT\SP\DINH_A19B0027P\DINH_A19B0027P\Debug\main.o

.debug_pubnames
                0x00000000       0x26
 .debug_pubnames
                0x00000000       0x26 C:\Users\dinhg\Documents\School\06\POT\SP\DINH_A19B0027P\DINH_A19B0027P\Debug\vects.o

.debug_pubtypes
                0x00000000       0x19
 .debug_pubtypes
                0x00000000       0x19 C:\Users\dinhg\Documents\School\06\POT\SP\DINH_A19B0027P\DINH_A19B0027P\Debug\vects.o

.debug_str      0x00000000       0x89
 .debug_str     0x00000000       0x89 C:\Users\dinhg\Documents\School\06\POT\SP\DINH_A19B0027P\DINH_A19B0027P\Debug\vects.o

.comment        0x00000000       0x1c
 .comment       0x00000000       0x1c C:\Users\dinhg\Documents\School\06\POT\SP\DINH_A19B0027P\DINH_A19B0027P\Debug\vects.o
                                 0x1d (size before relaxing)

.debug_aranges  0x00000000       0x20
 .debug_aranges
                0x00000000       0x20 C:\Users\dinhg\Documents\School\06\POT\SP\DINH_A19B0027P\DINH_A19B0027P\Debug\main.o


==============================================================

Listfile generated by KPIT GNUH8 [ELF]-v11.02 on Saturday, June 04, 2022, 19:34:55

Build options:

-T "C:\Users\dinhg\Documents\School\06\POT\SP\DINH_A19B0027P\DINH_A19B0027P\Debug\DINH_A19B0027P_Debug_auto.gsi"
-T "C:\Users\dinhg\Documents\School\06\POT\SP\DINH_A19B0027P\DINH_A19B0027P\Debug\DINH_A19B0027P_input.tmp" 
-L "c:\program files (x86)\hew\tools\kpit cummins\gnuh8-elf\v11.02\h8300-elf\lib\gcc\h8300-elf\4.5-GNUH8_v11.02\h8300s"
-L "C:\Users\dinhg\Documents\School\06\POT\SP\DINH_A19B0027P\DINH_A19B0027P\Debug"
-Map "C:\Users\dinhg\Documents\School\06\POT\SP\DINH_A19B0027P\DINH_A19B0027P\Debug\DINH_A19B0027P.map"
-( -l "gcc" -l "DINH_A19B0027P" -)
-o "C:\Users\dinhg\Documents\School\06\POT\SP\DINH_A19B0027P\DINH_A19B0027P\Debug\DINH_A19B0027P.x"
-e _start
INPUT("C:\Users\dinhg\Documents\School\06\POT\SP\DINH_A19B0027P\DINH_A19B0027P\Debug\vects.o")
INPUT("C:\Users\dinhg\Documents\School\06\POT\SP\DINH_A19B0027P\DINH_A19B0027P\Debug\main.o")
