
Memory Configuration

Name             Origin             Length             Attributes
*default*        0x00000000         0xffffffff

Linker script and memory map


.vects          0x00000000        0x4
 *(.vects)
 .vects         0x00000000        0x4 C:\Users\dinhg\Documents\School\06\POT\workspace\SP\Debug\vects.o
                0x00000000                HardwareVectors

.text           0x00000400      0x24a
 *(.text)
 .text          0x00000400        0x0 C:\Users\dinhg\Documents\School\06\POT\workspace\SP\Debug\vects.o
 .text          0x00000400      0x24a C:\Users\dinhg\Documents\School\06\POT\workspace\SP\Debug\main.o
                0x00000400                start
 *(.text.*)
                0x0000064a                etext = .

.init
 *(.init)

.fini
 *(.fini)

.got
 *(.got)
 *(.got.plt)

.rodata         0x0000064a        0x0
 *(.rodata)
 *(.rodata.*)
                0x0000064a                _erodata = .

.eh_frame_hdr
 *(.eh_frame_hdr)

.eh_frame
 *(.eh_frame)

.jcr
 *(.jcr)

.tors           0x0000064a        0x0
                0x0000064a                __CTOR_LIST__ = .
                0x0000064a                ___ctors = .
 *(.ctors)
                0x0000064a                ___ctors_end = .
                0x0000064a                __CTOR_END__ = .
                0x0000064a                __DTOR_LIST__ = .
                0x0000064a                ___dtors = .
 *(.dtors)
                0x0000064a                ___dtors_end = .
                0x0000064a                __DTOR_END__ = .
                0x0000064a                _mdata = .

.data           0x00ff4000     0x1b94
                0x00ff4000                _data = .
 *(.data)
 .data          0x00ff4000        0x0 C:\Users\dinhg\Documents\School\06\POT\workspace\SP\Debug\vects.o
 .data          0x00ff4000     0x1b94 C:\Users\dinhg\Documents\School\06\POT\workspace\SP\Debug\main.o
 *(.data.*)
                0x00ff5b94                _edata = .

.gcc_exc
 *(.gcc_exc)

.bss            0x00ff5b94        0x0
                0x00ff5b94                _bss = .
 *(.bss)
 .bss           0x00ff5b94        0x0 C:\Users\dinhg\Documents\School\06\POT\workspace\SP\Debug\vects.o
 .bss           0x00ff5b94        0x0 C:\Users\dinhg\Documents\School\06\POT\workspace\SP\Debug\main.o
 *(.bss.*)
 *(COMMON)
                0x00ff5b94                _ebss = .
                0x00ff5b94                _end = .

.stack          0x00ffc000        0x0
                0x00ffc000                _stack = .
LOAD C:\Users\dinhg\Documents\School\06\POT\workspace\SP\Debug\vects.o
LOAD C:\Users\dinhg\Documents\School\06\POT\workspace\SP\Debug\main.o
START GROUP
LOAD c:\program files (x86)\hew\tools\kpit cummins\gnuh8-elf\v11.02\h8300-elf\lib\gcc\h8300-elf\4.5-GNUH8_v11.02\h8300s\libgcc.a
LOAD C:\Users\dinhg\Documents\School\06\POT\workspace\SP\Debug\libSP.a
END GROUP
OUTPUT(C:\Users\dinhg\Documents\School\06\POT\workspace\SP\Debug\SP.x elf32-h8300)

.debug_abbrev   0x00000000       0x78
 .debug_abbrev  0x00000000       0x64 C:\Users\dinhg\Documents\School\06\POT\workspace\SP\Debug\vects.o
 .debug_abbrev  0x00000064       0x14 C:\Users\dinhg\Documents\School\06\POT\workspace\SP\Debug\main.o

.debug_info     0x00000000      0x10a
 .debug_info    0x00000000       0x62 C:\Users\dinhg\Documents\School\06\POT\workspace\SP\Debug\vects.o
 .debug_info    0x00000062       0xa8 C:\Users\dinhg\Documents\School\06\POT\workspace\SP\Debug\main.o

.debug_line     0x00000000      0x171
 .debug_line    0x00000000       0x63 C:\Users\dinhg\Documents\School\06\POT\workspace\SP\Debug\vects.o
 .debug_line    0x00000063      0x10e C:\Users\dinhg\Documents\School\06\POT\workspace\SP\Debug\main.o

.debug_pubnames
                0x00000000       0x26
 .debug_pubnames
                0x00000000       0x26 C:\Users\dinhg\Documents\School\06\POT\workspace\SP\Debug\vects.o

.debug_pubtypes
                0x00000000       0x19
 .debug_pubtypes
                0x00000000       0x19 C:\Users\dinhg\Documents\School\06\POT\workspace\SP\Debug\vects.o

.debug_str      0x00000000       0x75
 .debug_str     0x00000000       0x75 C:\Users\dinhg\Documents\School\06\POT\workspace\SP\Debug\vects.o

.comment        0x00000000       0x1c
 .comment       0x00000000       0x1c C:\Users\dinhg\Documents\School\06\POT\workspace\SP\Debug\vects.o
                                 0x1d (size before relaxing)

.debug_aranges  0x00000000       0x20
 .debug_aranges
                0x00000000       0x20 C:\Users\dinhg\Documents\School\06\POT\workspace\SP\Debug\main.o


==============================================================

Listfile generated by KPIT GNUH8 [ELF]-v11.02 on Sunday, May 29, 2022, 22:48:36

Build options:

-T "C:\Users\dinhg\Documents\School\06\POT\workspace\SP\Debug\SP_Debug_auto.gsi"
-T "C:\Users\dinhg\Documents\School\06\POT\workspace\SP\Debug\SP_input.tmp" 
-L "c:\program files (x86)\hew\tools\kpit cummins\gnuh8-elf\v11.02\h8300-elf\lib\gcc\h8300-elf\4.5-GNUH8_v11.02\h8300s"
-L "C:\Users\dinhg\Documents\School\06\POT\workspace\SP\Debug"
-Map "C:\Users\dinhg\Documents\School\06\POT\workspace\SP\Debug\SP.map"
-( -l "gcc" -l "SP" -)
-o "C:\Users\dinhg\Documents\School\06\POT\workspace\SP\Debug\SP.x"
-e _start
INPUT("C:\Users\dinhg\Documents\School\06\POT\workspace\SP\Debug\vects.o")
INPUT("C:\Users\dinhg\Documents\School\06\POT\workspace\SP\Debug\main.o")
